[maysalimo.com/index.html]
[maysalimo.com/assets/imgs/template/favicon.png]
[backblue.gif]
[fade.gif]
[index.html]
[maysalimo.com/assets/css/stylee209.css]
[maysalimo.com/index-2.html]
[maysalimo.com/assets/imgs/template/logo.svg]
[maysalimo.com/cms/reserve.html]
[maysalimo.com/assets/imgs/template/reserve.svg]
[maysalimo.com/fleet-list.html]
[maysalimo.com/suv-fleet.html]
[maysalimo.com/luxury-sedans.html]
[maysalimo.com/fleet-list-3.html]
[maysalimo.com/fleet-list-4.html]
[maysalimo.com/service-grid.html]
[maysalimo.com/airport-service.html]
[maysalimo.com/service-grid-2.html]
[maysalimo.com/cms/event-transportation-southern-california.html]
[maysalimo.com/cms/party-and-wedding-limo-service.html]
[maysalimo.com/cms.html]
[maysalimo.com/blog-single.html]
[maysalimo.com/contact.html]
[maysalimo.com/assets/imgs/template/icons/en.png]
[maysalimo.com/assets/imgs/template/icons/fr.png]
[maysalimo.com/assets/imgs/template/icons/cn.png]
[maysalimo.com/login.html]
[maysalimo.com/blog.html]
[maysalimo.com/blog-grid.html]
[maysalimo.com/blog-grid-2.html]
[maysalimo.com/blog-list.html]
[maysalimo.com/assets/imgs/page/homepage1/banner.webp]
[maysalimo.com/assets/imgs/page/homepage1/banner2.webp]
[maysalimo.com/assets/imgs/page/homepage1/banner3.webp]
[maysalimo.com/assets/imgs/page/homepage1/banner4.webp]
[maysalimo.com/assets/imgs/page/homepage1/chauffeur-service-64.jpg]
[maysalimo.com/assets/imgs/page/homepage1/plane.png]
[maysalimo.com/cms/event-transportation-southern-california/index.html]
[maysalimo.com/cms/orange-county-limousine-service/index.html]
[maysalimo.com/assets/imgs/page/homepage1/building.png]
[maysalimo.com/assets/imgs/page/homepage1/train.png]
[maysalimo.com/assets/imgs/template/icons/search.svg]
[maysalimo.com/assets/imgs/page/homepage1/e-class.png]
[maysalimo.com/assets/imgs/page/homepage1/eqs.png]
[maysalimo.com/assets/imgs/page/homepage1/vehicle_ford_max.png]
[maysalimo.com/assets/imgs/page/homepage1/esv.png]
[maysalimo.com/assets/imgs/page/homepage1/safe.svg]
[maysalimo.com/assets/imgs/page/homepage1/price.svg]
[maysalimo.com/assets/imgs/page/homepage1/vehicle.svg]
[maysalimo.com/assets/imgs/page/homepage1/service1.png]
[maysalimo.com/assets/imgs/page/homepage1/service2.png]
[maysalimo.com/assets/imgs/page/homepage1/service3.png]
[maysalimo.com/assets/imgs/page/homepage1/service5.png]
[maysalimo.com/assets/imgs/page/homepage1/img-video.png]
[maysalimo.com/assets/imgs/page/homepage1/img1.png]
[maysalimo.com/assets/imgs/page/homepage1/img2.png]
[maysalimo.com/assets/imgs/page/homepage1/img3.png]
[maysalimo.com/cms/airport-transfers-southern-california/index.html]
[maysalimo.com/assets/imgs/page/homepage1/news1.png]
[maysalimo.com/assets/imgs/page/homepage1/news2.png]
[maysalimo.com/assets/imgs/page/homepage1/news3.png]
[maysalimo.com/cdn-cgi/l/email-protection.html]
[maysalimo.com/cms/hourly-limo-service/index.html]
[maysalimo.com/about.html]
[maysalimo.com/cms/long-beach-limo-servicee807.html]
[maysalimo.com/cms/beverly-hills-limo-service.html]
[maysalimo.com/cms/los-angeles-limo-service.html]
[maysalimo.com/cms/irvine-limo-service.html]
[maysalimo.com/term-conditions.html]
[maysalimo.com/cdn-cgi/scripts/5c5dd728/cloudflare-static/email-decode.min.js]
[maysalimo.com/assets/js/vendors/modernizr-3.6.0.min.js]
[maysalimo.com/assets/js/vendors/jquery-3.6.0.min.js]
[maysalimo.com/assets/js/vendors/jquery-migrate-3.3.0.min.js]
[maysalimo.com/assets/js/vendors/bootstrap.bundle.min.js]
[maysalimo.com/assets/js/vendors/waypoints.js]
[maysalimo.com/assets/js/vendors/wow.js]
[maysalimo.com/assets/js/vendors/magnific-popup.js]
[maysalimo.com/assets/js/vendors/perfect-scrollbar.min.js]
[maysalimo.com/assets/js/vendors/select2.min.js]
[maysalimo.com/assets/js/vendors/isotope.js]
[maysalimo.com/assets/js/vendors/scrollup.js]
[maysalimo.com/assets/js/vendors/swiper-bundle.min.js]
[maysalimo.com/assets/js/vendors/noUISlider.js]
[maysalimo.com/assets/js/vendors/slider.js]
[maysalimo.com/assets/js/vendors/counterup.js]
[maysalimo.com/assets/js/vendors/jquery.countdown.min.js]
[maysalimo.com/assets/js/vendors/jquery.elevatezoom.js]
[maysalimo.com/assets/js/vendors/slick.js]
[maysalimo.com/assets/js/vendors/jquery-ui.js]
[maysalimo.com/assets/js/vendors/jquery.timepicker.min.js]
[challenges.cloudflare.com/turnstile/v0/api.52.delayed]
[challenges.cloudflare.com/turnstile/v0/b/7ff8d35b/api.js]
[maysalimo.com/assets/js/maine209.js]
[book.mylimobiz.com/v4/widgets/widget-loader.js]
[maysalimo.com/assets/js/forme209.js]
[maysalimo.com/index.html]
[maysalimo.com/assets/css/vendors/normalize.css]
[maysalimo.com/assets/css/vendors/bootstrap.min.css]
[maysalimo.com/assets/css/vendors/uicons-regular-rounded.css]
[maysalimo.com/assets/css/plugins/swiper-bundle.min.css]
[maysalimo.com/assets/css/plugins/magnific-popup.css]
[maysalimo.com/assets/css/plugins/select2.min.css]
[maysalimo.com/assets/css/plugins/slick.css]
[maysalimo.com/assets/css/plugins/jquery-ui.css]
[maysalimo.com/assets/css/plugins/perfect-scrollbar.css]
[maysalimo.com/assets/css/plugins/animate.css]
[maysalimo.com/assets/css/plugins/jquery.timepicker.min.css]
[maysalimo.com/assets/imgs/template/icons/next-day.png]
[maysalimo.com/assets/imgs/template/icons/prev-day.png]
[maysalimo.com/assets/imgs/theme/favicon.svg]
[maysalimo.com/assets/imgs/template/marker.png]
[maysalimo.com/assets/imgs/template/icons/globe.svg]
[maysalimo.com/assets/imgs/page/blog2/like.png]
[maysalimo.com/assets/imgs/page/blog2/dislike.png]
[maysalimo.com/assets/imgs/page/signin/google.svg]
[maysalimo.com/assets/imgs/page/signin/facebook.svg]
[maysalimo.com/assets/imgs/page/signin/apple.svg]
[maysalimo.com/assets/imgs/page/register/check.svg]
[maysalimo.com/assets/imgs/slider/swiper/next.svg]
[maysalimo.com/assets/imgs/slider/swiper/prev.svg]
[maysalimo.com/assets/imgs/slider/swiper/dot.svg]
[maysalimo.com/assets/imgs/slider/swiper/dot-active.svg]
[maysalimo.com/assets/imgs/template/icons/friend.svg]
[maysalimo.com/assets/imgs/template/icons/luggage.svg]
[maysalimo.com/assets/imgs/page/homepage1/bg-trans.png]
[maysalimo.com/assets/imgs/page/homepage1/bg-trans2.png]
[maysalimo.com/assets/imgs/page/homepage5/bg-trans-pink.png]
[maysalimo.com/assets/imgs/page/our-team/bg-trans.png]
[maysalimo.com/assets/imgs/page/homepage6/dashed.png]
[maysalimo.com/assets/imgs/template/icons/call.svg]
[maysalimo.com/assets/imgs/page/homepage3/address.png]
[maysalimo.com/assets/imgs/page/homepage3/time.png]
[maysalimo.com/assets/imgs/template/icons/angle-down.svg]
[maysalimo.com/assets/imgs/template/icons/angle-down-black.svg]
[maysalimo.com/assets/imgs/template/icons/call-black.svg]
[maysalimo.com/assets/imgs/template/icons/globe-black.svg]
[maysalimo.com/assets/imgs/template/bg-footer.png]
[maysalimo.com/assets/imgs/page/homepage2/marker.png]
[maysalimo.com/assets/imgs/template/icons/fb-black.svg]
[maysalimo.com/assets/imgs/template/icons/tw-black.svg]
[maysalimo.com/assets/imgs/template/icons/instagram-black.svg]
[maysalimo.com/assets/imgs/template/icons/linkedin-black.svg]
[maysalimo.com/assets/imgs/page/homepage1/bg-download.png]
[maysalimo.com/assets/imgs/page/homepage1/phone.png]
[maysalimo.com/assets/imgs/page/homepage2/bg-download.png]
[maysalimo.com/assets/imgs/page/homepage3/bg-download-3.png]
[maysalimo.com/assets/imgs/template/icons/fb.svg]
[maysalimo.com/assets/imgs/template/icons/tw.svg]
[maysalimo.com/assets/imgs/template/icons/instagram.svg]
[maysalimo.com/assets/imgs/template/icons/linkedin.svg]
[maysalimo.com/assets/imgs/template/icons/plus.png]
[maysalimo.com/assets/imgs/template/icons/minus.png]
[maysalimo.com/assets/imgs/template/icons/calendar.svg]
[maysalimo.com/assets/imgs/template/icons/time.svg]
[maysalimo.com/assets/imgs/template/icons/from.svg]
[maysalimo.com/assets/imgs/template/icons/to.svg]
[maysalimo.com/assets/imgs/page/homepage1/bg-our-fleet.png]
[maysalimo.com/assets/imgs/page/homepage1/line.png]
[maysalimo.com/assets/imgs/page/homepage1/bg-showcase.png]
[maysalimo.com/assets/imgs/page/homepage1/bg-our-service.png]
[maysalimo.com/assets/imgs/page/homepage1/bg-faqs.png]
[maysalimo.com/assets/imgs/page/homepage1/quote.png]
[maysalimo.com/assets/imgs/page/homepage1/play.png]
[maysalimo.com/assets/imgs/page/homepage1/maps.png]
[maysalimo.com/assets/imgs/page/homepage1/bg-testimonials.png]
[maysalimo.com/assets/imgs/page/homepage2/arrow-button.png]
[maysalimo.com/assets/imgs/page/homepage2/bg-line.png]
[maysalimo.com/assets/imgs/page/homepage2/quote.png]
[maysalimo.com/assets/imgs/page/homepage2/prev-white.png]
[maysalimo.com/assets/imgs/page/homepage2/next-white.png]
[maysalimo.com/assets/imgs/page/homepage2/bg-line.svg]
[maysalimo.com/assets/imgs/page/homepage3/bg-banner.png]
[maysalimo.com/assets/imgs/page/homepage3/dashed.png]
[maysalimo.com/assets/imgs/page/homepage3/bg-line.png]
[maysalimo.com/assets/imgs/page/homepage3/tick.svg]
[maysalimo.com/assets/imgs/page/homepage4/banner.png]
[maysalimo.com/assets/imgs/page/homepage4/tick.png]
[maysalimo.com/assets/imgs/page/homepage4/pattern.png]
[maysalimo.com/assets/imgs/page/homepage5/map.png]
[maysalimo.com/assets/imgs/page/homepage5/quote.png]
[maysalimo.com/assets/imgs/page/homepage5/bg-banner.png]
[maysalimo.com/assets/imgs/page/homepage7/map.png]
[maysalimo.com/assets/imgs/page/homepage7/bg-your-trip.png]
[maysalimo.com/assets/imgs/page/homepage8/map.png]
[maysalimo.com/assets/imgs/page/homepage8/address.png]
[maysalimo.com/assets/imgs/page/homepage8/time.png]
[maysalimo.com/assets/imgs/page/homepage8/call.png]
[maysalimo.com/assets/imgs/page/homepage8/globe.png]
[maysalimo.com/assets/imgs/page/homepage9/planning.png]
[maysalimo.com/assets/imgs/page/homepage9/clock.png]
[maysalimo.com/assets/imgs/page/homepage9/from.png]
[maysalimo.com/assets/imgs/page/homepage9/to.png]
[maysalimo.com/assets/imgs/page/homepage9/address.png]
[maysalimo.com/assets/imgs/page/homepage9/time.png]
[maysalimo.com/assets/imgs/page/homepage9/call.png]
[maysalimo.com/assets/imgs/page/homepage10/play.png]
[maysalimo.com/assets/imgs/page/homepage10/map.png]
[maysalimo.com/assets/imgs/page/homepage10/line.png]
[maysalimo.com/assets/imgs/page/homepage10/img-reliability.png]
[maysalimo.com/assets/imgs/page/fleet/meet.png]
[maysalimo.com/assets/imgs/page/fleet/free-cancel.png]
[maysalimo.com/assets/imgs/page/fleet/free-wait.png]
[maysalimo.com/assets/imgs/page/fleet/safe.png]
[maysalimo.com/assets/imgs/page/services/banner.png]
[maysalimo.com/assets/imgs/page/about/quote.png]
[maysalimo.com/assets/imgs/page/about/bg-trip.png]
[maysalimo.com/assets/imgs/page/about/banner2.webp]
[maysalimo.com/assets/imgs/page/team-single/dashed.png]
[maysalimo.com/assets/imgs/template/icons/fb-black.png]
[maysalimo.com/assets/imgs/template/icons/tw-black.png]
[maysalimo.com/assets/imgs/template/icons/instagram-black.png]
[maysalimo.com/assets/imgs/template/icons/linkedin-black.png]
[maysalimo.com/assets/imgs/page/comingsoon/banner.png]
[maysalimo.com/assets/imgs/page/booking/vehicle.svg]
[maysalimo.com/assets/imgs/page/booking/extra.svg]
[maysalimo.com/assets/imgs/page/booking/pax.svg]
[maysalimo.com/assets/imgs/page/booking/payment.svg]
[maysalimo.com/assets/imgs/page/booking/vehicle-hover.svg]
[maysalimo.com/assets/imgs/page/booking/extra-hover.svg]
[maysalimo.com/assets/imgs/page/booking/pax-hover.svg]
[maysalimo.com/assets/imgs/page/booking/payment-hover.svg]
[maysalimo.com/assets/imgs/page/booking/location.png]
[maysalimo.com/assets/imgs/page/booking/dotted.png]
[maysalimo.com/assets/imgs/page/booking/plan.png]
[maysalimo.com/assets/imgs/page/booking/time.png]
[maysalimo.com/assets/imgs/page/booking/tick.png]
[maysalimo.com/assets/imgs/page/booking/meet.svg]
[maysalimo.com/assets/imgs/page/booking/cancel.svg]
[maysalimo.com/assets/imgs/page/booking/free-time.svg]
[maysalimo.com/assets/imgs/page/booking/safe.svg]
[maysalimo.com/assets/imgs/page/booking/passenger.svg]
[maysalimo.com/assets/imgs/page/booking/luggage.svg]
[maysalimo.com/assets/imgs/page/booking/minus.svg]
[maysalimo.com/assets/imgs/page/booking/plus.svg]
[maysalimo.com/assets/imgs/page/blog2/quote.png]
[maysalimo.com/assets/css/stylee209.css]
[maysalimo.com/index-2.html]
[maysalimo.com/assets/imgs/template/logo.svg]
[vip.maysalimo.com/assets/built/screenaabc.css]
[vip.maysalimo.com/content/images/size/w256h256/2023/08/logo256-5.png]
[maysalimo.com/page/reserve]
[vip.maysalimo.com/content/images/2023/08/logo5-1.png]
[vip.maysalimo.com/content/images/2023/08/logo5.png]
[cdn.jsdelivr.net/ghost/sodo-search@_1.1/umd/sodo-search.min.js]
[cdn.jsdelivr.net/ghost/announcement-bar@_1.1/umd/announcement-bar.min.js]
[maysalimo.com/public/cards.minaabc.js]
[maysalimo.com/public/cards.minaabc.css]
[cdnjs.cloudflare.com/ajax/libs/font-awesome/6.4.2/css/all.min.css]
[vip.maysalimo.com/content/images/2023/08/logo.png]
[maysalimo.com/cms/service-areas.html]
[maysalimo.com/cms/index.html]
[maysalimo.com/cms/airport-transfers-southern-california.html]
[maysalimo.com/cms/hourly-limo-service.html]
[maysalimo.com/cms/reserve.html]
[vip.maysalimo.com/assets/built/main.minaabc.js]
[maysalimo.com/assets/imgs/template/reserve.svg]
[maysalimo.com/fleet-list.html]
[maysalimo.com/assets/imgs/page/fleet/banner.png]
[maysalimo.com/assets/imgs/page/fleet/slide1.png]
[maysalimo.com/assets/imgs/page/fleet/slide2.png]
[maysalimo.com/assets/imgs/page/fleet/camera.png]
[maysalimo.com/assets/imgs/page/fleet/water.png]
[maysalimo.com/assets/imgs/page/fleet/coffee.png]
[maysalimo.com/assets/imgs/page/fleet/newspaper.png]
[maysalimo.com/assets/imgs/page/fleet/cooperation.png]
[maysalimo.com/assets/imgs/page/fleet/rim.png]
[maysalimo.com/assets/imgs/page/fleet/vehicle.png]
[maysalimo.com/suv-fleet.html]
[maysalimo.com/luxury-sedans.html]
[maysalimo.com/cms/orange-county-limousine-service.html]
[maysalimo.com/assets/imgs/page/homepage1/suv.png]
[maysalimo.com/assets/imgs/page/homepage1/suv-class.png]
[maysalimo.com/fleet-list-3.html]
[maysalimo.com/fleet-list-4.html]
[maysalimo.com/assets/imgs/page/homepage1/v-class.png]
[maysalimo.com/assets/imgs/page/services/wedding.png]
[maysalimo.com/assets/imgs/page/services/travel.png]
[maysalimo.com/service-grid.html]
[maysalimo.com/assets/imgs/page/homepage7/price.svg]
[maysalimo.com/assets/imgs/page/services/airport.svg]
[maysalimo.com/assets/imgs/page/services/terms.svg]
[maysalimo.com/assets/imgs/page/services/img1.png]
[maysalimo.com/assets/imgs/page/services/img2.png]
[maysalimo.com/airport-service.html]
[maysalimo.com/assets/imgs/page/homepage2/intercity.png]
[maysalimo.com/assets/imgs/page/homepage2/chauffeur.png]
[maysalimo.com/assets/imgs/page/homepage2/airport.png]
[maysalimo.com/assets/imgs/page/services/wedding2.png]
[maysalimo.com/assets/imgs/page/services/travel2.png]
[maysalimo.com/service-grid-2.html]
[vip.maysalimo.com/content/images/2023/08/banner2.png]
[maysalimo.com/cms/book-chartered-transportation-beyonce-sofi-stadium-concertse807.html]
[maysalimo.com/cms/event-transportation-southern-california.html]
[maysalimo.com/cms/taylor-swift-sofi-stadium-concerts-transportatione807.html]
[vip.maysalimo.com/content/images/2023/08/party_weddings.jpg]
[maysalimo.com/cms/los-angeles-limo-servicee807.html]
[maysalimo.com/cms/orange-county-limousine-servicee807.html]
[maysalimo.com/cms/party-and-wedding-limo-service.html]
[maysalimo.com/cms/reservee807.html]
[maysalimo.com/page/2]
[maysalimo.com/cms.html]
[maysalimo.com/maysa-limo-transportation-los-angeles-rams-sofi-stadium/index.html]
[maysalimo.com/assets/imgs/page/blog2/img-single.png]
[maysalimo.com/assets/imgs/page/blog2/img-single2.png]
[maysalimo.com/assets/imgs/page/blog2/img-single3.png]
[maysalimo.com/assets/imgs/page/blog2/img-single4.png]
[maysalimo.com/assets/imgs/page/blog2/author.png]
[maysalimo.com/assets/imgs/page/blog2/grid.png]
[maysalimo.com/blog-single.html]
[maysalimo.com/assets/imgs/page/contact/new-york.png]
[maysalimo.com/contact.html]
[maysalimo.com/login.html]
[maysalimo.com/blog.html]
[maysalimo.com/assets/imgs/page/blog/news1.png]
[maysalimo.com/assets/imgs/page/blog/news2.png]
[maysalimo.com/assets/imgs/page/blog/news3.png]
[maysalimo.com/blog-grid.html]
[maysalimo.com/fleet-list-2.html]
[maysalimo.com/service-grid-3.html]
[maysalimo.com/assets/imgs/page/blog2/news5.png]
[maysalimo.com/assets/imgs/page/blog2/news6.png]
[maysalimo.com/assets/imgs/page/blog2/news7.png]
[maysalimo.com/assets/imgs/page/blog2/post1.png]
[maysalimo.com/assets/imgs/page/blog2/post2.png]
[maysalimo.com/assets/imgs/page/blog2/post3.png]
[maysalimo.com/blog-grid-2.html]
[maysalimo.com/our-team.html]
[maysalimo.com/assets/imgs/page/blog2/news1.png]
[maysalimo.com/assets/imgs/page/blog2/news2.png]
[maysalimo.com/assets/imgs/page/blog2/news3.png]
[maysalimo.com/assets/imgs/page/blog2/news4.png]
[maysalimo.com/blog-list.html]
[vip.maysalimo.com/content/images/2023/08/Irvine-maysalimo.jpg]
[maysalimo.com/cms/orange-county-limousine-service/index.html]
[maysalimo.com/cms/event-transportation-southern-california/index.html]
[maysalimo.com/assets/imgs/template/icons/search.svg]
[maysalimo.com/assets/imgs/page/homepage1/safe.svg]
[maysalimo.com/assets/imgs/page/homepage1/price.svg]
[maysalimo.com/assets/imgs/page/homepage1/vehicle.svg]
[maysalimo.com/indexe807.html]
[maysalimo.com/content/images/size/w1200/2023/08/banner.webp]
[maysalimo.com/cms/airport-transfers-southern-california/index.html]
[vip.maysalimo.com/content/images/2023/08/maysa-limo-hourly-2.jpg]
[maysalimo.com/cms/hourly-limo-service/index.html]
[maysalimo.com/cdn-cgi/l/email-protection.html]
[maysalimo.com/assets/imgs/page/about/banner.png]
[maysalimo.com/assets/imgs/page/homepage1/laptop.png]
[maysalimo.com/assets/imgs/page/homepage1/desktop.png]
[maysalimo.com/assets/imgs/page/homepage1/desktop2.png]
[maysalimo.com/assets/imgs/page/about/img1.png]
[maysalimo.com/assets/imgs/slider/logo/air.svg]
[maysalimo.com/assets/imgs/slider/logo/eb.svg]
[maysalimo.com/assets/imgs/slider/logo/nba.svg]
[maysalimo.com/assets/imgs/slider/logo/nla.svg]
[maysalimo.com/assets/imgs/template/icons/apple-icon.svg]
[maysalimo.com/assets/imgs/template/icons/google-icon.svg]
[maysalimo.com/about.html]
[maysalimo.com/cms/long-beach-limo-service.html]
[vip.maysalimo.com/content/images/2023/08/MaysaLimoQueenMary.jpg]
[maysalimo.com/cmse807.html]
[maysalimo.com/cms/long-beach-limo-servicee807.html]
[maysalimo.com/contacte807.html]
[maysalimo.com/cms/airport-transfers-southern-california/indexe807.html]
[vip.maysalimo.com/content/images/2023/08/maysa-limo-beverly-hills.jpg]
[maysalimo.com/cms/beverly-hills-limo-service.html]
[maysalimo.com/cms/los-angeles-limo-service.html]
[maysalimo.com/cms/beverly-hills-limo-servicee807.html]
[vip.maysalimo.com/content/images/2023/08/Irvine-maysalimo-1.jpg]
[maysalimo.com/cms/irvine-limo-service.html]
[maysalimo.com/term-conditions.html]
[maysalimo.com/assets/css/vendors/normalize.css]
[maysalimo.com/assets/css/vendors/bootstrap.min.css]
[maysalimo.com/assets/fonts/uicons/uicons-regular-rounded.eot]
[maysalimo.com/assets/fonts/uicons/uicons-regular-rounded.woff2]
[maysalimo.com/assets/css/vendors/uicons-regular-rounded.css]
[maysalimo.com/assets/css/plugins/swiper-bundle.min.css]
[maysalimo.com/assets/css/plugins/magnific-popup.css]
[maysalimo.com/assets/css/plugins/select2.min.css]
[maysalimo.com/assets/css/plugins/slick.css]
[maysalimo.com/assets/fonts/uicons/uicons-regular-rounded.woff]
[maysalimo.com/assets/css/plugins/images/ui-icons_444444_256x240.html]
[maysalimo.com/assets/css/plugins/images/ui-icons_555555_256x240.html]
[maysalimo.com/assets/css/plugins/images/ui-icons_ffffff_256x240.html]
[maysalimo.com/assets/css/plugins/images/ui-icons_777620_256x240.html]
[maysalimo.com/assets/css/plugins/images/ui-icons_cc0000_256x240.html]
[maysalimo.com/assets/css/plugins/images/ui-icons_777777_256x240.html]
[maysalimo.com/assets/css/plugins/jquery-ui.css]
[maysalimo.com/assets/css/plugins/perfect-scrollbar.css]
[maysalimo.com/assets/css/plugins/animate.css]
[maysalimo.com/assets/css/plugins/jquery.timepicker.min.css]
[maysalimo.com/assets/imgs/theme/favicon.html]
[maysalimo.com/assets/imgs/template/icons/globe.svg]
[maysalimo.com/assets/imgs/page/signin/google.svg]
[maysalimo.com/assets/imgs/page/signin/facebook.svg]
[maysalimo.com/assets/imgs/page/signin/apple.svg]
[maysalimo.com/assets/imgs/page/register/check.html]
[maysalimo.com/assets/imgs/slider/swiper/next.svg]
[maysalimo.com/assets/imgs/slider/swiper/prev.svg]
[maysalimo.com/assets/imgs/slider/swiper/dot.html]
[maysalimo.com/assets/imgs/slider/swiper/dot-active.html]
[maysalimo.com/assets/imgs/template/icons/friend.svg]
[maysalimo.com/assets/imgs/template/icons/luggage.svg]
[maysalimo.com/assets/imgs/template/icons/call.svg]
[maysalimo.com/assets/imgs/template/icons/angle-down.svg]
[maysalimo.com/assets/imgs/template/icons/angle-down-black.svg]
[maysalimo.com/assets/imgs/template/icons/call-black.svg]
[maysalimo.com/assets/imgs/template/icons/globe-black.svg]
[maysalimo.com/assets/imgs/template/icons/fb-black.svg]
[maysalimo.com/assets/imgs/template/icons/tw-black.svg]
[maysalimo.com/assets/imgs/template/icons/instagram-black.svg]
[maysalimo.com/assets/imgs/template/icons/linkedin-black.svg]
[maysalimo.com/assets/imgs/template/icons/fb.svg]
[maysalimo.com/assets/imgs/template/icons/tw.svg]
[maysalimo.com/assets/imgs/template/icons/instagram.svg]
[maysalimo.com/assets/imgs/template/icons/linkedin.svg]
[maysalimo.com/assets/imgs/template/icons/calendar.svg]
[maysalimo.com/assets/imgs/template/icons/time.svg]
[maysalimo.com/assets/imgs/template/icons/from.svg]
[maysalimo.com/assets/imgs/template/icons/to.svg]
[maysalimo.com/assets/imgs/page/homepage2/bg-line.svg]
[maysalimo.com/assets/imgs/page/homepage3/tick.svg]
[maysalimo.com/assets/imgs/page/about/banner2.html]
[maysalimo.com/assets/imgs/page/booking/vehicle.svg]
[maysalimo.com/assets/imgs/page/booking/extra.svg]
[maysalimo.com/assets/imgs/page/booking/pax.svg]
[maysalimo.com/assets/imgs/page/booking/payment.svg]
[maysalimo.com/assets/imgs/page/booking/vehicle-hover.svg]
[maysalimo.com/assets/imgs/page/booking/extra-hover.svg]
[maysalimo.com/assets/imgs/page/booking/pax-hover.svg]
[maysalimo.com/assets/imgs/page/booking/payment-hover.svg]
[maysalimo.com/assets/imgs/page/booking/meet.svg]
[maysalimo.com/assets/imgs/page/booking/cancel.svg]
[maysalimo.com/assets/imgs/page/booking/free-time.svg]
[maysalimo.com/assets/imgs/page/booking/safe.html]
[maysalimo.com/assets/imgs/page/booking/passenger.svg]
[maysalimo.com/assets/imgs/page/booking/luggage.svg]
[maysalimo.com/assets/imgs/page/booking/minus.svg]
[maysalimo.com/assets/imgs/page/booking/plus.svg]
[vip.maysalimo.com/assets/images/default-skin.png]
[vip.maysalimo.com/assets/images/preloader.gif]
[vip.maysalimo.com/assets/built/screenaabc.css]
[maysalimo.com/page/reserve.html]
[maysalimo.com/public/cards.minaabc.css]
[cdnjs.cloudflare.com/ajax/libs/font-awesome/6.4.2/css/all.min.css]
[maysalimo.com/cms/index.html]
[vip.maysalimo.com/content/images/2023/08/Limo-Southern-California-1.jpg]
[maysalimo.com/cms/service-areas.html]
[maysalimo.com/cms/airport-transfers-southern-california.html]
[maysalimo.com/cms/hourly-limo-service.html]
[maysalimo.com/cms/orange-county-limousine-service.html]
[maysalimo.com/assets/imgs/page/homepage7/price.svg]
[maysalimo.com/assets/imgs/page/services/airport.svg]
[maysalimo.com/assets/imgs/page/services/terms.svg]
[maysalimo.com/cms/irvine-limo-servicee807.html]
[maysalimo.com/cms/book-chartered-transportation-beyonce-sofi-stadium-concerts.html]
[maysalimo.com/cms/book-chartered-transportation-beyonce-sofi-stadium-concertse807.html]
[maysalimo.com/cms/sofi-stadium-transportatione807.html]
[maysalimo.com/taylor-swift-sofi-stadium-concerts-transportation/index.html]
[maysalimo.com/cms/taylor-swift-sofi-stadium-concerts-transportation.html]
[maysalimo.com/getting-to-the-rams-vs-49ers-game-skip-the-sofi-stadium-transportation-headache/index.html]
[vip.maysalimo.com/content/images/2023/08/Taylor_Swift_Maysa_Limo.jpg]
[maysalimo.com/cms/taylor-swift-sofi-stadium-concerts-transportatione807.html]
[maysalimo.com/cms/los-angeles-limo-servicee807.html]
[maysalimo.com/cms/orange-county-limousine-servicee807.html]
[maysalimo.com/cms/reservee807.html]
[maysalimo.com/maysa-limo-transportation-los-angeles-rams-sofi-stadium/index.html]
[maysalimo.com/page/2.html]
[maysalimo.com/fleet-list-2.html]
[maysalimo.com/service-grid-3.html]
[maysalimo.com/book-chartered-transportation-beyonce-sofi-stadium-concerts/index.html]
[maysalimo.com/what-to-ask-when-booking-los-angeles-limo-service/index.html]
[maysalimo.com/assets/imgs/page/our-team/team1.png]
[maysalimo.com/team-single.html]
[maysalimo.com/assets/imgs/page/our-team/team2.png]
[maysalimo.com/assets/imgs/page/our-team/team3.png]
[maysalimo.com/assets/imgs/page/our-team/team4.png]
[maysalimo.com/assets/imgs/page/our-team/team5.png]
[maysalimo.com/assets/imgs/page/our-team/team6.png]
[maysalimo.com/assets/imgs/page/our-team/team7.png]
[maysalimo.com/our-team.html]
[maysalimo.com/indexe807.html]
[maysalimo.com/assets/imgs/slider/logo/air.svg]
[maysalimo.com/assets/imgs/slider/logo/eb.svg]
[maysalimo.com/assets/imgs/slider/logo/nba.svg]
[maysalimo.com/assets/imgs/slider/logo/nla.svg]
[maysalimo.com/assets/imgs/template/icons/apple-icon.svg]
[maysalimo.com/assets/imgs/template/icons/google-icon.svg]
[maysalimo.com/cms/long-beach-limo-service.html]
[maysalimo.com/cms/airport-transfers-southern-california/indexe807.html]
[maysalimo.com/cmse807.html]
[maysalimo.com/contacte807.html]
[maysalimo.com/cms/beverly-hills-limo-servicee807.html]
[maysalimo.com/assets/css/plugins/images/ui-icons_444444_256x240.html]
[maysalimo.com/assets/css/plugins/images/ui-icons_555555_256x240.html]
[maysalimo.com/assets/css/plugins/images/ui-icons_ffffff_256x240.html]
[maysalimo.com/assets/css/plugins/images/ui-icons_777620_256x240.html]
[maysalimo.com/assets/css/plugins/images/ui-icons_cc0000_256x240.html]
[maysalimo.com/assets/css/plugins/images/ui-icons_777777_256x240.html]
[maysalimo.com/cms/irvine-limo-servicee807.html]
[maysalimo.com/cms/book-chartered-transportation-beyonce-sofi-stadium-concerts.html]
[maysalimo.com/assets/imgs/page/our-team/team8.png]
[maysalimo.com/cms/sofi-stadium-transportation.html]
[vip.maysalimo.com/content/images/2023/08/anonymous-20211207141206-1.jpg]
[maysalimo.com/cms/chartered-transportation-pink-concert-sofi-stadiume807.html]
[maysalimo.com/cms/getting-to-the-rams-vs-49ers-game-skip-the-sofi-stadium-transportation-headachee807.html]
[maysalimo.com/cms/maysa-limo-transportation-los-angeles-rams-sofi-stadiume807.html]
[maysalimo.com/cms/sofi-stadium-transportatione807.html]
[maysalimo.com/taylor-swift-sofi-stadium-concerts-transportation/index.html]
[maysalimo.com/getting-to-the-rams-vs-49ers-game-skip-the-sofi-stadium-transportation-headache/index.html]
[maysalimo.com/cms/taylor-swift-sofi-stadium-concerts-transportation.html]
[maysalimo.com/what-to-ask-when-booking-los-angeles-limo-service/index.html]
[maysalimo.com/book-chartered-transportation-beyonce-sofi-stadium-concerts/index.html]
[maysalimo.com/luxury-sedanse807.html]
[maysalimo.com/assets/imgs/page/team-single/user.png]
[maysalimo.com/facebook.com/maysalimousine]
[maysalimo.com/team-single.html]
[maysalimo.com/cms/sofi-stadium-transportation.html]
[maysalimo.com/cms/chartered-transportation-pink-concert-sofi-stadiume807.html]
[maysalimo.com/cms/chartered-transportation-pink-concert-sofi-stadium.html]
[maysalimo.com/cms/getting-to-the-rams-vs-49ers-game-skip-the-sofi-stadium-transportation-headache.html]
[vip.maysalimo.com/content/images/2023/09/rams_v_49ers.jpg]
[maysalimo.com/cms/getting-to-the-rams-vs-49ers-game-skip-the-sofi-stadium-transportation-headachee807.html]
[maysalimo.com/cms/maysa-limo-transportation-los-angeles-rams-sofi-stadium.html]
[vip.maysalimo.com/content/images/2023/09/rams.png]
[maysalimo.com/cms/maysa-limo-transportation-los-angeles-rams-sofi-stadiume807.html]
[maysalimo.com/luxury-sedanse807.html]
[maysalimo.com/facebook.com/maysalimousine.html]
[maysalimo.com/cms/chartered-transportation-pink-concert-sofi-stadium.html]
[maysalimo.com/cms/getting-to-the-rams-vs-49ers-game-skip-the-sofi-stadium-transportation-headache.html]
[maysalimo.com/cms/maysa-limo-transportation-los-angeles-rams-sofi-stadium.html]
[maysalimo.com/chartered-transportation-pink-concert-sofi-stadium/index.html]
[maysalimo.com/chartered-transportation-pink-concert-sofi-stadium/index.html]
